******************************************************************************
                  TI ARM Linker PC v18.1.4                     
******************************************************************************
>> Linked Sun Feb 24 20:47:57 2019

OUTPUT FILE NAME:   <MSE450.out>
ENTRY POINT SYMBOL: "_c_int00_noargs"  address: 0000063d


MEMORY CONFIGURATION

         name            origin    length      used     unused   attr    fill
----------------------  --------  ---------  --------  --------  ----  --------
  FLASH                 00000000   00040000  000006ae  0003f952  R  X
  SRAM                  20000000   00008000  00000204  00007dfc  RW X


SEGMENT ALLOCATION MAP

run origin  load origin   length   init length attrs members
----------  ----------- ---------- ----------- ----- -------
00000000    00000000    000006b0   000006b0    r-x
  00000000    00000000    0000026c   0000026c    r-- .intvecs
  0000026c    0000026c    0000042a   0000042a    r-x .text
  00000698    00000698    00000018   00000018    r-- .cinit
20000000    20000000    00000204   00000000    rw-
  20000000    20000000    00000200   00000000    rw- .stack
  20000200    20000200    00000004   00000000    rw- .data


SECTION ALLOCATION MAP

 output                                  attributes/
section   page    origin      length       input sections
--------  ----  ----------  ----------   ----------------
.intvecs   0    00000000    0000026c     
                  00000000    0000026c     tm4c123gh6pm_startup_ccs.obj (.intvecs)

.text      0    0000026c    0000042a     
                  0000026c    00000288     main.obj (.text)
                  000004f4    0000009c     rtsv7M4_T_le_v4SPD16_eabi.lib : memcpy_t2.asm.obj (.text)
                  00000590    00000068                                   : copy_decompress_lzss.c.obj (.text:decompress:lzss:__TI_decompress_lzss)
                  000005f8    00000044                                   : autoinit.c.obj (.text:__TI_auto_init_nobinit_nopinit:__TI_auto_init_nobinit_nopinit)
                  0000063c    00000038                                   : boot_cortex_m.c.obj (.text:_c_int00_noargs:_c_int00_noargs)
                  00000674    0000000e                                   : copy_decompress_none.c.obj (.text:decompress:none:__TI_decompress_none)
                  00000682    0000000c     tm4c123gh6pm_startup_ccs.obj (.text)
                  0000068e    00000004     rtsv7M4_T_le_v4SPD16_eabi.lib : pre_init.c.obj (.text:_system_pre_init)
                  00000692    00000004                                   : exit.c.obj (.text:abort:abort)

.cinit     0    00000698    00000018     
                  00000698    00000008     (.cinit..data.load) [load image, compression = lzss]
                  000006a0    00000008     (__TI_handler_table)
                  000006a8    00000008     (__TI_cinit_table)

.init_array 
*          0    00000000    00000000     UNINITIALIZED

.data      0    20000200    00000004     UNINITIALIZED
                  20000200    00000004     main.obj (.data)

.stack     0    20000000    00000200     UNINITIALIZED
                  20000000    00000004     rtsv7M4_T_le_v4SPD16_eabi.lib : boot_cortex_m.c.obj (.stack)
                  20000004    000001fc     --HOLE--

MODULE SUMMARY

       Module                         code   ro data   rw data
       ------                         ----   -------   -------
    .\
       main.obj                       648    0         4      
       tm4c123gh6pm_startup_ccs.obj   12     620       0      
    +--+------------------------------+------+---------+---------+
       Total:                         660    620       4      
                                                              
    C:\ti\ccsv8\tools\compiler\ti-cgt-arm_18.1.4.LTS\lib\rtsv7M4_T_le_v4SPD16_eabi.lib
       memcpy_t2.asm.obj              156    0         0      
       copy_decompress_lzss.c.obj     104    0         0      
       autoinit.c.obj                 68     0         0      
       boot_cortex_m.c.obj            56     0         0      
       copy_decompress_none.c.obj     14     0         0      
       exit.c.obj                     4      0         0      
       pre_init.c.obj                 4      0         0      
    +--+------------------------------+------+---------+---------+
       Total:                         406    0         0      
                                                              
       Stack:                         0      0         512    
       Linker Generated:              0      24        0      
    +--+------------------------------+------+---------+---------+
       Grand Total:                   1066   644       516    


LINKER GENERATED COPY TABLES

__TI_cinit_table @ 000006a8 records: 1, size/record: 8, table size: 8
	.data: load addr=00000698, load size=00000008 bytes, run addr=20000200, run size=00000004 bytes, compression=lzss


LINKER GENERATED HANDLER TABLE

__TI_handler_table @ 000006a0 records: 2, size/record: 4, table size: 8
	index: 0, handler: __TI_decompress_lzss
	index: 1, handler: __TI_decompress_none


GLOBAL SYMBOLS: SORTED ALPHABETICALLY BY Name 

address   name                          
-------   ----                          
00000693  C$$EXIT                       
20000200  ComparatorValue               
000003d5  PF4_Handler                   
0000027d  PF4_Init                      
00000315  PWM_Init                      
00000683  ResetISR                      
0000041b  SysTick_Init                  
00000429  SysTick_Wait                  
00000449  SysTick_Wait10ms              
20000200  __STACK_END                   
00000200  __STACK_SIZE                  
20000200  __STACK_TOP                   
000006a8  __TI_CINIT_Base               
000006b0  __TI_CINIT_Limit              
000006a0  __TI_Handler_Table_Base       
000006a8  __TI_Handler_Table_Limit      
000005f9  __TI_auto_init_nobinit_nopinit
00000591  __TI_decompress_lzss          
00000675  __TI_decompress_none          
ffffffff  __TI_pprof_out_hndl           
ffffffff  __TI_prof_data_size           
ffffffff  __TI_prof_data_start          
00000000  __TI_static_base__            
000004f5  __aeabi_memcpy                
000004f5  __aeabi_memcpy4               
000004f5  __aeabi_memcpy8               
ffffffff  __binit__                     
ffffffff  __c_args__                    
UNDEFED   __mpu_init                    
20000000  __stack                       
0000063d  _c_int00_noargs               
UNDEFED   _system_post_cinit            
0000068f  _system_pre_init              
00000693  abort                         
ffffffff  binit                         
000003c3  disable_interrupts            
000003c9  enable_interrupts             
00000000  g_pfnVectors                  
0000026d  main                          
000004f5  memcpy                        
000003cf  wait_for_interrupts           


GLOBAL SYMBOLS: SORTED BY Symbol Address 

address   name                          
-------   ----                          
00000000  __TI_static_base__            
00000000  g_pfnVectors                  
00000200  __STACK_SIZE                  
0000026d  main                          
0000027d  PF4_Init                      
00000315  PWM_Init                      
000003c3  disable_interrupts            
000003c9  enable_interrupts             
000003cf  wait_for_interrupts           
000003d5  PF4_Handler                   
0000041b  SysTick_Init                  
00000429  SysTick_Wait                  
00000449  SysTick_Wait10ms              
000004f5  __aeabi_memcpy                
000004f5  __aeabi_memcpy4               
000004f5  __aeabi_memcpy8               
000004f5  memcpy                        
00000591  __TI_decompress_lzss          
000005f9  __TI_auto_init_nobinit_nopinit
0000063d  _c_int00_noargs               
00000675  __TI_decompress_none          
00000683  ResetISR                      
0000068f  _system_pre_init              
00000693  C$$EXIT                       
00000693  abort                         
000006a0  __TI_Handler_Table_Base       
000006a8  __TI_CINIT_Base               
000006a8  __TI_Handler_Table_Limit      
000006b0  __TI_CINIT_Limit              
20000000  __stack                       
20000200  ComparatorValue               
20000200  __STACK_END                   
20000200  __STACK_TOP                   
ffffffff  __TI_pprof_out_hndl           
ffffffff  __TI_prof_data_size           
ffffffff  __TI_prof_data_start          
ffffffff  __binit__                     
ffffffff  __c_args__                    
ffffffff  binit                         
UNDEFED   __mpu_init                    
UNDEFED   _system_post_cinit            

[41 symbols]
