******************************************************************************
                  TI ARM Linker PC v18.1.4                     
******************************************************************************
>> Linked Sat Mar 16 10:11:24 2019

OUTPUT FILE NAME:   <MSE450.out>
ENTRY POINT SYMBOL: "_c_int00_noargs"  address: 000007d5


MEMORY CONFIGURATION

         name            origin    length      used     unused   attr    fill
----------------------  --------  ---------  --------  --------  ----  --------
  FLASH                 00000000   00040000  00000880  0003f780  R  X
  SRAM                  20000000   00008000  00000211  00007def  RW X


SEGMENT ALLOCATION MAP

run origin  load origin   length   init length attrs members
----------  ----------- ---------- ----------- ----- -------
00000000    00000000    00000880   00000880    r-x
  00000000    00000000    0000026c   0000026c    r-- .intvecs
  0000026c    0000026c    000005d4   000005d4    r-x .text
  00000840    00000840    00000010   00000010    r-- .const
  00000850    00000850    00000030   00000030    r-- .cinit
20000000    20000000    00000211   00000000    rw-
  20000000    20000000    00000200   00000000    rw- .stack
  20000200    20000200    0000000c   00000000    rw- .data
  2000020c    2000020c    00000005   00000000    rw- .bss


SECTION ALLOCATION MAP

 output                                  attributes/
section   page    origin      length       input sections
--------  ----  ----------  ----------   ----------------
.intvecs   0    00000000    0000026c     
                  00000000    0000026c     tm4c123gh6pm_startup_ccs.obj (.intvecs)

.text      0    0000026c    000005d4     
                  0000026c    00000298     main.obj (.text)
                  00000504    00000104     Sound.obj (.text)
                  00000608    0000009c     rtsv7M4_T_le_v4SPD16_eabi.lib : memcpy_t2.asm.obj (.text)
                  000006a4    00000084     DAC.obj (.text)
                  00000728    00000068     rtsv7M4_T_le_v4SPD16_eabi.lib : copy_decompress_lzss.c.obj (.text:decompress:lzss:__TI_decompress_lzss)
                  00000790    00000044                                   : autoinit.c.obj (.text:__TI_auto_init_nobinit_nopinit:__TI_auto_init_nobinit_nopinit)
                  000007d4    00000038                                   : boot_cortex_m.c.obj (.text:_c_int00_noargs:_c_int00_noargs)
                  0000080c    00000012                                   : copy_zero_init.c.obj (.text:decompress:ZI:__TI_zero_init_nomemset:__TI_zero_init_nomemset)
                  0000081e    0000000e                                   : copy_decompress_none.c.obj (.text:decompress:none:__TI_decompress_none)
                  0000082c    0000000c     tm4c123gh6pm_startup_ccs.obj (.text)
                  00000838    00000004     rtsv7M4_T_le_v4SPD16_eabi.lib : pre_init.c.obj (.text:_system_pre_init)
                  0000083c    00000004                                   : exit.c.obj (.text:abort:abort)

.const     0    00000840    00000010     
                  00000840    00000010     Sound.obj (.const:.string:SineWave)

.cinit     0    00000850    00000030     
                  00000850    0000000c     (.cinit..data.load) [load image, compression = lzss]
                  0000085c    0000000c     (__TI_handler_table)
                  00000868    00000008     (.cinit..bss.load) [load image, compression = zero_init]
                  00000870    00000010     (__TI_cinit_table)

.init_array 
*          0    00000000    00000000     UNINITIALIZED

.data      0    20000200    0000000c     UNINITIALIZED
                  20000200    00000008     Sound.obj (.data)
                  20000208    00000004     main.obj (.data)

.bss       0    2000020c    00000005     UNINITIALIZED
                  2000020c    00000004     (.common:SW_current)
                  20000210    00000001     (.common:Index)

.stack     0    20000000    00000200     UNINITIALIZED
                  20000000    00000004     rtsv7M4_T_le_v4SPD16_eabi.lib : boot_cortex_m.c.obj (.stack)
                  20000004    000001fc     --HOLE--

MODULE SUMMARY

       Module                         code   ro data   rw data
       ------                         ----   -------   -------
    .\
       main.obj                       664    0         4      
       tm4c123gh6pm_startup_ccs.obj   12     620       0      
       Sound.obj                      260    16        13     
       DAC.obj                        132    0         0      
    +--+------------------------------+------+---------+---------+
       Total:                         1068   636       17     
                                                              
    C:\ti\ccsv8\tools\compiler\ti-cgt-arm_18.1.4.LTS\lib\rtsv7M4_T_le_v4SPD16_eabi.lib
       memcpy_t2.asm.obj              156    0         0      
       copy_decompress_lzss.c.obj     104    0         0      
       autoinit.c.obj                 68     0         0      
       boot_cortex_m.c.obj            56     0         0      
       copy_zero_init.c.obj           18     0         0      
       copy_decompress_none.c.obj     14     0         0      
       exit.c.obj                     4      0         0      
       pre_init.c.obj                 4      0         0      
    +--+------------------------------+------+---------+---------+
       Total:                         424    0         0      
                                                              
       Stack:                         0      0         512    
       Linker Generated:              0      48        0      
    +--+------------------------------+------+---------+---------+
       Grand Total:                   1492   684       529    


LINKER GENERATED COPY TABLES

__TI_cinit_table @ 00000870 records: 2, size/record: 8, table size: 16
	.data: load addr=00000850, load size=0000000c bytes, run addr=20000200, run size=0000000c bytes, compression=lzss
	.bss: load addr=00000868, load size=00000008 bytes, run addr=2000020c, run size=00000005 bytes, compression=zero_init


LINKER GENERATED HANDLER TABLE

__TI_handler_table @ 0000085c records: 3, size/record: 4, table size: 12
	index: 0, handler: __TI_decompress_lzss
	index: 1, handler: __TI_decompress_none
	index: 2, handler: __TI_zero_init


GLOBAL SYMBOLS: SORTED ALPHABETICALLY BY Name 

address   name                          
-------   ----                          
0000083d  C$$EXIT                       
20000208  ComparatorValue               
000006a5  DAC_Init                      
000006f9  DAC_Out                       
20000210  Index                         
000003d9  PF4_Handler                   
00000281  PF4_Init                      
00000319  PWM_Init                      
0000082d  ResetISR                      
2000020c  SW_current                    
20000204  SW_old                        
00000840  SineWave                      
00000505  Sound_Init                    
0000054f  Sound_Off                     
0000053f  Sound_Tone                    
0000055b  SysTick_Handler               
00000427  SysTick_Init                  
00000435  SysTick_Wait                  
00000455  SysTick_Wait10ms              
20000200  __STACK_END                   
00000200  __STACK_SIZE                  
20000200  __STACK_TOP                   
00000870  __TI_CINIT_Base               
00000880  __TI_CINIT_Limit              
0000085c  __TI_Handler_Table_Base       
00000868  __TI_Handler_Table_Limit      
00000791  __TI_auto_init_nobinit_nopinit
00000729  __TI_decompress_lzss          
0000081f  __TI_decompress_none          
ffffffff  __TI_pprof_out_hndl           
ffffffff  __TI_prof_data_size           
ffffffff  __TI_prof_data_start          
00000000  __TI_static_base__            
0000080d  __TI_zero_init_nomemset       
00000609  __aeabi_memcpy                
00000609  __aeabi_memcpy4               
00000609  __aeabi_memcpy8               
ffffffff  __binit__                     
ffffffff  __c_args__                    
UNDEFED   __mpu_init                    
20000000  __stack                       
000007d5  _c_int00_noargs               
UNDEFED   _system_post_cinit            
00000839  _system_pre_init              
0000083d  abort                         
ffffffff  binit                         
000003c7  disable_interrupts            
000003cd  enable_interrupts             
00000000  g_pfnVectors                  
0000026d  main                          
00000609  memcpy                        
20000200  period                        
000003d3  wait_for_interrupts           


GLOBAL SYMBOLS: SORTED BY Symbol Address 

address   name                          
-------   ----                          
00000000  __TI_static_base__            
00000000  g_pfnVectors                  
00000200  __STACK_SIZE                  
0000026d  main                          
00000281  PF4_Init                      
00000319  PWM_Init                      
000003c7  disable_interrupts            
000003cd  enable_interrupts             
000003d3  wait_for_interrupts           
000003d9  PF4_Handler                   
00000427  SysTick_Init                  
00000435  SysTick_Wait                  
00000455  SysTick_Wait10ms              
00000505  Sound_Init                    
0000053f  Sound_Tone                    
0000054f  Sound_Off                     
0000055b  SysTick_Handler               
00000609  __aeabi_memcpy                
00000609  __aeabi_memcpy4               
00000609  __aeabi_memcpy8               
00000609  memcpy                        
000006a5  DAC_Init                      
000006f9  DAC_Out                       
00000729  __TI_decompress_lzss          
00000791  __TI_auto_init_nobinit_nopinit
000007d5  _c_int00_noargs               
0000080d  __TI_zero_init_nomemset       
0000081f  __TI_decompress_none          
0000082d  ResetISR                      
00000839  _system_pre_init              
0000083d  C$$EXIT                       
0000083d  abort                         
00000840  SineWave                      
0000085c  __TI_Handler_Table_Base       
00000868  __TI_Handler_Table_Limit      
00000870  __TI_CINIT_Base               
00000880  __TI_CINIT_Limit              
20000000  __stack                       
20000200  __STACK_END                   
20000200  __STACK_TOP                   
20000200  period                        
20000204  SW_old                        
20000208  ComparatorValue               
2000020c  SW_current                    
20000210  Index                         
ffffffff  __TI_pprof_out_hndl           
ffffffff  __TI_prof_data_size           
ffffffff  __TI_prof_data_start          
ffffffff  __binit__                     
ffffffff  __c_args__                    
ffffffff  binit                         
UNDEFED   __mpu_init                    
UNDEFED   _system_post_cinit            

[53 symbols]
