******************************************************************************
                  TI ARM Linker PC v18.1.4                     
******************************************************************************
>> Linked Wed Jan 23 09:52:26 2019

OUTPUT FILE NAME:   <MSE450.out>
ENTRY POINT SYMBOL: "_c_int00_noargs"  address: 0000053d


MEMORY CONFIGURATION

         name            origin    length      used     unused   attr    fill
----------------------  --------  ---------  --------  --------  ----  --------
  FLASH                 00000000   00040000  000005d8  0003fa28  R  X
  SRAM                  20000000   00008000  00000209  00007df7  RW X


SEGMENT ALLOCATION MAP

run origin  load origin   length   init length attrs members
----------  ----------- ---------- ----------- ----- -------
00000000    00000000    000005d8   000005d8    r-x
  00000000    00000000    0000026c   0000026c    r-- .intvecs
  0000026c    0000026c    0000033c   0000033c    r-x .text
  000005a8    000005a8    00000030   00000030    r-- .cinit
20000000    20000000    00000209   00000000    rw-
  20000000    20000000    00000200   00000000    rw- .stack
  20000200    20000200    00000008   00000000    rw- .bss
  20000208    20000208    00000001   00000000    rw- .data


SECTION ALLOCATION MAP

 output                                  attributes/
section   page    origin      length       input sections
--------  ----  ----------  ----------   ----------------
.intvecs   0    00000000    0000026c     
                  00000000    0000026c     tm4c123gh6pm_startup_ccs.obj (.intvecs)

.text      0    0000026c    0000033c     
                  0000026c    00000188     main.obj (.text)
                  000003f4    0000009c     rtsv7M4_T_le_v4SPD16_eabi.lib : memcpy_t2.asm.obj (.text)
                  00000490    00000068                                   : copy_decompress_lzss.c.obj (.text:decompress:lzss:__TI_decompress_lzss)
                  000004f8    00000044                                   : autoinit.c.obj (.text:__TI_auto_init_nobinit_nopinit:__TI_auto_init_nobinit_nopinit)
                  0000053c    00000038                                   : boot_cortex_m.c.obj (.text:_c_int00_noargs:_c_int00_noargs)
                  00000574    00000012                                   : copy_zero_init.c.obj (.text:decompress:ZI:__TI_zero_init_nomemset:__TI_zero_init_nomemset)
                  00000586    0000000e                                   : copy_decompress_none.c.obj (.text:decompress:none:__TI_decompress_none)
                  00000594    0000000c     tm4c123gh6pm_startup_ccs.obj (.text)
                  000005a0    00000004     rtsv7M4_T_le_v4SPD16_eabi.lib : pre_init.c.obj (.text:_system_pre_init)
                  000005a4    00000004                                   : exit.c.obj (.text:abort:abort)

.cinit     0    000005a8    00000030     
                  000005a8    0000000c     (__TI_handler_table)
                  000005b4    00000004     --HOLE-- [fill = 0]
                  000005b8    00000008     (.cinit..bss.load) [load image, compression = zero_init]
                  000005c0    00000005     (.cinit..data.load) [load image, compression = lzss]
                  000005c5    00000003     --HOLE-- [fill = 0]
                  000005c8    00000010     (__TI_cinit_table)

.init_array 
*          0    00000000    00000000     UNINITIALIZED

.bss       0    20000200    00000008     UNINITIALIZED
                  20000200    00000004     (.common:SW1)
                  20000204    00000004     (.common:SW2)

.data      0    20000208    00000001     UNINITIALIZED
                  20000208    00000001     main.obj (.data)

.stack     0    20000000    00000200     UNINITIALIZED
                  20000000    00000004     rtsv7M4_T_le_v4SPD16_eabi.lib : boot_cortex_m.c.obj (.stack)
                  20000004    000001fc     --HOLE--

MODULE SUMMARY

       Module                         code   ro data   rw data
       ------                         ----   -------   -------
    .\
       tm4c123gh6pm_startup_ccs.obj   12     620       0      
       main.obj                       392    0         9      
    +--+------------------------------+------+---------+---------+
       Total:                         404    620       9      
                                                              
    C:\ti\ccsv8\tools\compiler\ti-cgt-arm_18.1.4.LTS\lib\rtsv7M4_T_le_v4SPD16_eabi.lib
       memcpy_t2.asm.obj              156    0         0      
       copy_decompress_lzss.c.obj     104    0         0      
       autoinit.c.obj                 68     0         0      
       boot_cortex_m.c.obj            56     0         0      
       copy_zero_init.c.obj           18     0         0      
       copy_decompress_none.c.obj     14     0         0      
       exit.c.obj                     4      0         0      
       pre_init.c.obj                 4      0         0      
    +--+------------------------------+------+---------+---------+
       Total:                         424    0         0      
                                                              
       Stack:                         0      0         512    
       Linker Generated:              0      41        0      
    +--+------------------------------+------+---------+---------+
       Grand Total:                   828    661       521    


LINKER GENERATED COPY TABLES

__TI_cinit_table @ 000005c8 records: 2, size/record: 8, table size: 16
	.bss: load addr=000005b8, load size=00000008 bytes, run addr=20000200, run size=00000008 bytes, compression=zero_init
	.data: load addr=000005c0, load size=00000005 bytes, run addr=20000208, run size=00000001 bytes, compression=lzss


LINKER GENERATED HANDLER TABLE

__TI_handler_table @ 000005a8 records: 3, size/record: 4, table size: 12
	index: 0, handler: __TI_decompress_lzss
	index: 1, handler: __TI_decompress_none
	index: 2, handler: __TI_zero_init


GLOBAL SYMBOLS: SORTED ALPHABETICALLY BY Name 

address   name                          
-------   ----                          
000005a5  C$$EXIT                       
0000026d  MSDealy                       
000002af  PortF_Init                    
00000595  ResetISR                      
20000200  SW1                           
20000204  SW2                           
20000200  __STACK_END                   
00000200  __STACK_SIZE                  
20000200  __STACK_TOP                   
000005c8  __TI_CINIT_Base               
000005d8  __TI_CINIT_Limit              
000005a8  __TI_Handler_Table_Base       
000005b4  __TI_Handler_Table_Limit      
000004f9  __TI_auto_init_nobinit_nopinit
00000491  __TI_decompress_lzss          
00000587  __TI_decompress_none          
ffffffff  __TI_pprof_out_hndl           
ffffffff  __TI_prof_data_size           
ffffffff  __TI_prof_data_start          
00000000  __TI_static_base__            
00000575  __TI_zero_init_nomemset       
000003f5  __aeabi_memcpy                
000003f5  __aeabi_memcpy4               
000003f5  __aeabi_memcpy8               
ffffffff  __binit__                     
ffffffff  __c_args__                    
UNDEFED   __mpu_init                    
20000000  __stack                       
0000053d  _c_int00_noargs               
UNDEFED   _system_post_cinit            
000005a1  _system_pre_init              
000005a5  abort                         
ffffffff  binit                         
00000000  g_pfnVectors                  
000002f3  main                          
000003f5  memcpy                        
20000208  state                         


GLOBAL SYMBOLS: SORTED BY Symbol Address 

address   name                          
-------   ----                          
00000000  __TI_static_base__            
00000000  g_pfnVectors                  
00000200  __STACK_SIZE                  
0000026d  MSDealy                       
000002af  PortF_Init                    
000002f3  main                          
000003f5  __aeabi_memcpy                
000003f5  __aeabi_memcpy4               
000003f5  __aeabi_memcpy8               
000003f5  memcpy                        
00000491  __TI_decompress_lzss          
000004f9  __TI_auto_init_nobinit_nopinit
0000053d  _c_int00_noargs               
00000575  __TI_zero_init_nomemset       
00000587  __TI_decompress_none          
00000595  ResetISR                      
000005a1  _system_pre_init              
000005a5  C$$EXIT                       
000005a5  abort                         
000005a8  __TI_Handler_Table_Base       
000005b4  __TI_Handler_Table_Limit      
000005c8  __TI_CINIT_Base               
000005d8  __TI_CINIT_Limit              
20000000  __stack                       
20000200  SW1                           
20000200  __STACK_END                   
20000200  __STACK_TOP                   
20000204  SW2                           
20000208  state                         
ffffffff  __TI_pprof_out_hndl           
ffffffff  __TI_prof_data_size           
ffffffff  __TI_prof_data_start          
ffffffff  __binit__                     
ffffffff  __c_args__                    
ffffffff  binit                         
UNDEFED   __mpu_init                    
UNDEFED   _system_post_cinit            

[37 symbols]
