******************************************************************************
                  TI ARM Linker PC v18.1.4                     
******************************************************************************
>> Linked Thu Feb  7 00:41:23 2019

OUTPUT FILE NAME:   <MSE450.out>
ENTRY POINT SYMBOL: "_c_int00_noargs"  address: 0000056d


MEMORY CONFIGURATION

         name            origin    length      used     unused   attr    fill
----------------------  --------  ---------  --------  --------  ----  --------
  FLASH                 00000000   00040000  00000608  0003f9f8  R  X
  SRAM                  20000000   00008000  0000020c  00007df4  RW X


SEGMENT ALLOCATION MAP

run origin  load origin   length   init length attrs members
----------  ----------- ---------- ----------- ----- -------
00000000    00000000    00000608   00000608    r-x
  00000000    00000000    0000026c   0000026c    r-- .intvecs
  0000026c    0000026c    0000036c   0000036c    r-x .text
  000005d8    000005d8    00000030   00000030    r-- .cinit
20000000    20000000    0000020c   00000000    rw-
  20000000    20000000    00000200   00000000    rw- .stack
  20000200    20000200    00000008   00000000    rw- .data
  20000208    20000208    00000004   00000000    rw- .bss


SECTION ALLOCATION MAP

 output                                  attributes/
section   page    origin      length       input sections
--------  ----  ----------  ----------   ----------------
.intvecs   0    00000000    0000026c     
                  00000000    0000026c     tm4c123gh6pm_startup_ccs.obj (.intvecs)

.text      0    0000026c    0000036c     
                  0000026c    000000f4     main.obj (.text)
                  00000360    0000009c     rtsv7M4_T_le_v4SPD16_eabi.lib : memcpy_t2.asm.obj (.text)
                  000003fc    0000007c     PLL.obj (.text)
                  00000478    00000068     rtsv7M4_T_le_v4SPD16_eabi.lib : copy_decompress_lzss.c.obj (.text:decompress:lzss:__TI_decompress_lzss)
                  000004e0    00000048     SysTickInts.obj (.text)
                  00000528    00000044     rtsv7M4_T_le_v4SPD16_eabi.lib : autoinit.c.obj (.text:__TI_auto_init_nobinit_nopinit:__TI_auto_init_nobinit_nopinit)
                  0000056c    00000038                                   : boot_cortex_m.c.obj (.text:_c_int00_noargs:_c_int00_noargs)
                  000005a4    00000012                                   : copy_zero_init.c.obj (.text:decompress:ZI:__TI_zero_init_nomemset:__TI_zero_init_nomemset)
                  000005b6    0000000e                                   : copy_decompress_none.c.obj (.text:decompress:none:__TI_decompress_none)
                  000005c4    0000000c     tm4c123gh6pm_startup_ccs.obj (.text)
                  000005d0    00000004     rtsv7M4_T_le_v4SPD16_eabi.lib : pre_init.c.obj (.text:_system_pre_init)
                  000005d4    00000004                                   : exit.c.obj (.text:abort:abort)

.cinit     0    000005d8    00000030     
                  000005d8    0000000c     (__TI_handler_table)
                  000005e4    0000000b     (.cinit..data.load) [load image, compression = lzss]
                  000005ef    00000001     --HOLE-- [fill = 0]
                  000005f0    00000008     (.cinit..bss.load) [load image, compression = zero_init]
                  000005f8    00000010     (__TI_cinit_table)

.init_array 
*          0    00000000    00000000     UNINITIALIZED

.data      0    20000200    00000008     UNINITIALIZED
                  20000200    00000008     main.obj (.data)

.bss       0    20000208    00000004     UNINITIALIZED
                  20000208    00000004     (.common:Out)

.stack     0    20000000    00000200     UNINITIALIZED
                  20000000    00000004     rtsv7M4_T_le_v4SPD16_eabi.lib : boot_cortex_m.c.obj (.stack)
                  20000004    000001fc     --HOLE--

MODULE SUMMARY

       Module                         code   ro data   rw data
       ------                         ----   -------   -------
    .\
       tm4c123gh6pm_startup_ccs.obj   12     620       0      
       main.obj                       244    0         12     
       PLL.obj                        124    0         0      
       SysTickInts.obj                72     0         0      
    +--+------------------------------+------+---------+---------+
       Total:                         452    620       12     
                                                              
    C:\ti\ccsv8\tools\compiler\ti-cgt-arm_18.1.4.LTS\lib\rtsv7M4_T_le_v4SPD16_eabi.lib
       memcpy_t2.asm.obj              156    0         0      
       copy_decompress_lzss.c.obj     104    0         0      
       autoinit.c.obj                 68     0         0      
       boot_cortex_m.c.obj            56     0         0      
       copy_zero_init.c.obj           18     0         0      
       copy_decompress_none.c.obj     14     0         0      
       exit.c.obj                     4      0         0      
       pre_init.c.obj                 4      0         0      
    +--+------------------------------+------+---------+---------+
       Total:                         424    0         0      
                                                              
       Stack:                         0      0         512    
       Linker Generated:              0      47        0      
    +--+------------------------------+------+---------+---------+
       Grand Total:                   876    667       524    


LINKER GENERATED COPY TABLES

__TI_cinit_table @ 000005f8 records: 2, size/record: 8, table size: 16
	.data: load addr=000005e4, load size=0000000b bytes, run addr=20000200, run size=00000008 bytes, compression=lzss
	.bss: load addr=000005f0, load size=00000008 bytes, run addr=20000208, run size=00000004 bytes, compression=zero_init


LINKER GENERATED HANDLER TABLE

__TI_handler_table @ 000005d8 records: 3, size/record: 4, table size: 12
	index: 0, handler: __TI_decompress_lzss
	index: 1, handler: __TI_decompress_none
	index: 2, handler: __TI_zero_init


GLOBAL SYMBOLS: SORTED ALPHABETICALLY BY Name 

address   name                          
-------   ----                          
000005d5  C$$EXIT                       
20000208  Out                           
000003fd  PLL_Init                      
0000028d  PortF_Init                    
000005c5  ResetISR                      
000002e3  SysTick_Handler               
000004e1  SysTick_Init                  
20000204  TOGGLE_COUNT                  
20000200  __STACK_END                   
00000200  __STACK_SIZE                  
20000200  __STACK_TOP                   
000005f8  __TI_CINIT_Base               
00000608  __TI_CINIT_Limit              
000005d8  __TI_Handler_Table_Base       
000005e4  __TI_Handler_Table_Limit      
00000529  __TI_auto_init_nobinit_nopinit
00000479  __TI_decompress_lzss          
000005b7  __TI_decompress_none          
ffffffff  __TI_pprof_out_hndl           
ffffffff  __TI_prof_data_size           
ffffffff  __TI_prof_data_start          
00000000  __TI_static_base__            
000005a5  __TI_zero_init_nomemset       
00000361  __aeabi_memcpy                
00000361  __aeabi_memcpy4               
00000361  __aeabi_memcpy8               
ffffffff  __binit__                     
ffffffff  __c_args__                    
UNDEFED   __mpu_init                    
20000000  __stack                       
0000056d  _c_int00_noargs               
UNDEFED   _system_post_cinit            
000005d1  _system_pre_init              
000005d5  abort                         
ffffffff  binit                         
20000200  count                         
000002d1  disable_interrupts            
000002d7  enable_interrupts             
00000000  g_pfnVectors                  
0000026d  main                          
00000361  memcpy                        
000002dd  wait_for_interrupts           


GLOBAL SYMBOLS: SORTED BY Symbol Address 

address   name                          
-------   ----                          
00000000  __TI_static_base__            
00000000  g_pfnVectors                  
00000200  __STACK_SIZE                  
0000026d  main                          
0000028d  PortF_Init                    
000002d1  disable_interrupts            
000002d7  enable_interrupts             
000002dd  wait_for_interrupts           
000002e3  SysTick_Handler               
00000361  __aeabi_memcpy                
00000361  __aeabi_memcpy4               
00000361  __aeabi_memcpy8               
00000361  memcpy                        
000003fd  PLL_Init                      
00000479  __TI_decompress_lzss          
000004e1  SysTick_Init                  
00000529  __TI_auto_init_nobinit_nopinit
0000056d  _c_int00_noargs               
000005a5  __TI_zero_init_nomemset       
000005b7  __TI_decompress_none          
000005c5  ResetISR                      
000005d1  _system_pre_init              
000005d5  C$$EXIT                       
000005d5  abort                         
000005d8  __TI_Handler_Table_Base       
000005e4  __TI_Handler_Table_Limit      
000005f8  __TI_CINIT_Base               
00000608  __TI_CINIT_Limit              
20000000  __stack                       
20000200  __STACK_END                   
20000200  __STACK_TOP                   
20000200  count                         
20000204  TOGGLE_COUNT                  
20000208  Out                           
ffffffff  __TI_pprof_out_hndl           
ffffffff  __TI_prof_data_size           
ffffffff  __TI_prof_data_start          
ffffffff  __binit__                     
ffffffff  __c_args__                    
ffffffff  binit                         
UNDEFED   __mpu_init                    
UNDEFED   _system_post_cinit            

[42 symbols]
