******************************************************************************
                  TI ARM Linker PC v18.1.4                     
******************************************************************************
>> Linked Wed Feb 13 22:31:26 2019

OUTPUT FILE NAME:   <MSE450.out>
ENTRY POINT SYMBOL: "_c_int00_noargs"  address: 000006a1


MEMORY CONFIGURATION

         name            origin    length      used     unused   attr    fill
----------------------  --------  ---------  --------  --------  ----  --------
  FLASH                 00000000   00040000  000009c0  0003f640  R  X
  SRAM                  20000000   00008000  00000474  00007b8c  RW X


SEGMENT ALLOCATION MAP

run origin  load origin   length   init length attrs members
----------  ----------- ---------- ----------- ----- -------
00000000    00000000    000009c0   000009c0    r-x
  00000000    00000000    0000026c   0000026c    r-- .intvecs
  0000026c    0000026c    0000050c   0000050c    r-x .text
  00000778    00000778    00000208   00000208    r-- .const
  00000980    00000980    00000040   00000040    r-- .cinit
20000000    20000000    00000474   00000000    rw-
  20000000    20000000    0000026c   00000000    rw- .vtable
  2000026c    2000026c    00000004   00000000    rw- .bss
  20000270    20000270    00000200   00000000    rw- .stack
  20000470    20000470    00000004   00000000    rw- .data


SECTION ALLOCATION MAP

 output                                  attributes/
section   page    origin      length       input sections
--------  ----  ----------  ----------   ----------------
.intvecs   0    00000000    0000026c     
                  00000000    0000026c     tm4c123gh6pm_startup_ccs.obj (.intvecs)

.text      0    0000026c    0000050c     
                  0000026c    00000124     main.obj (.text)
                  00000390    0000009c     rtsv7M4_T_le_v4SPD16_eabi.lib : memcpy_t2.asm.obj (.text)
                  0000042c    0000007c     PLL.obj (.text)
                  000004a8    00000068     driverlib.lib : interrupt.obj (.text:IntEnable)
                  00000510    00000068     rtsv7M4_T_le_v4SPD16_eabi.lib : copy_decompress_lzss.c.obj (.text:decompress:lzss:__TI_decompress_lzss)
                  00000578    00000056     driverlib.lib : gpio.obj (.text:GPIOIntTypeSet)
                  000005ce    00000002     --HOLE-- [fill = 0]
                  000005d0    00000048     SysTickInts.obj (.text)
                  00000618    00000044     driverlib.lib : gpio.obj (.text:_GPIOIntNumberGet)
                  0000065c    00000044     rtsv7M4_T_le_v4SPD16_eabi.lib : autoinit.c.obj (.text:__TI_auto_init_nobinit_nopinit:__TI_auto_init_nobinit_nopinit)
                  000006a0    00000038                                   : boot_cortex_m.c.obj (.text:_c_int00_noargs:_c_int00_noargs)
                  000006d8    00000034     driverlib.lib : interrupt.obj (.text:IntRegister)
                  0000070c    00000018                   : gpio.obj (.text:GPIOIntRegister)
                  00000724    00000012     rtsv7M4_T_le_v4SPD16_eabi.lib : copy_zero_init.c.obj (.text:decompress:ZI:__TI_zero_init_nomemset:__TI_zero_init_nomemset)
                  00000736    0000000e     driverlib.lib : gpio.obj (.text:GPIOIntDisable)
                  00000744    0000000e     rtsv7M4_T_le_v4SPD16_eabi.lib : copy_decompress_none.c.obj (.text:decompress:none:__TI_decompress_none)
                  00000752    0000000c     driverlib.lib : gpio.obj (.text:GPIOIntEnable)
                  0000075e    0000000c     tm4c123gh6pm_startup_ccs.obj (.text)
                  0000076a    00000006     driverlib.lib : gpio.obj (.text:GPIOIntClear)
                  00000770    00000004     rtsv7M4_T_le_v4SPD16_eabi.lib : pre_init.c.obj (.text:_system_pre_init)
                  00000774    00000004                                   : exit.c.obj (.text:abort:abort)

.const     0    00000778    00000208     
                  00000778    000000d8     driverlib.lib : gpio.obj (.const:g_ppui32GPIOIntMapSnowflake)
                  00000850    000000c0                   : gpio.obj (.const:g_ppui32GPIOIntMapBlizzard)
                  00000910    00000070                   : interrupt.obj (.const)

.cinit     0    00000980    00000040     
                  00000980    0000000c     (__TI_handler_table)
                  0000098c    00000004     --HOLE-- [fill = 0]
                  00000990    00000008     (.cinit..bss.load) [load image, compression = zero_init]
                  00000998    00000008     (.cinit..data.load) [load image, compression = lzss]
                  000009a0    00000008     (.cinit..vtable.load) [load image, compression = zero_init]
                  000009a8    00000018     (__TI_cinit_table)

.init_array 
*          0    00000000    00000000     UNINITIALIZED

.vtable    0    20000000    0000026c     UNINITIALIZED
                  20000000    0000026c     driverlib.lib : interrupt.obj (.vtable)

.bss       0    2000026c    00000004     UNINITIALIZED
                  2000026c    00000004     (.common:count)

.data      0    20000470    00000004     UNINITIALIZED
                  20000470    00000004     main.obj (.data)

.stack     0    20000270    00000200     UNINITIALIZED
                  20000270    00000004     rtsv7M4_T_le_v4SPD16_eabi.lib : boot_cortex_m.c.obj (.stack)
                  20000274    000001fc     --HOLE--

MODULE SUMMARY

       Module                         code   ro data   rw data
       ------                         ----   -------   -------
    .\
       tm4c123gh6pm_startup_ccs.obj   12     620       0      
       main.obj                       292    0         8      
       PLL.obj                        124    0         0      
       SysTickInts.obj                72     0         0      
    +--+------------------------------+------+---------+---------+
       Total:                         500    620       8      
                                                              
    C:/ti/TivaWare_C_Series-2.1.4.178/driverlib/ccs/Debug/driverlib.lib
       interrupt.obj                  156    112       620    
       gpio.obj                       210    408       0      
    +--+------------------------------+------+---------+---------+
       Total:                         366    520       620    
                                                              
    C:\ti\ccsv8\tools\compiler\ti-cgt-arm_18.1.4.LTS\lib\rtsv7M4_T_le_v4SPD16_eabi.lib
       memcpy_t2.asm.obj              156    0         0      
       copy_decompress_lzss.c.obj     104    0         0      
       autoinit.c.obj                 68     0         0      
       boot_cortex_m.c.obj            56     0         0      
       copy_zero_init.c.obj           18     0         0      
       copy_decompress_none.c.obj     14     0         0      
       exit.c.obj                     4      0         0      
       pre_init.c.obj                 4      0         0      
    +--+------------------------------+------+---------+---------+
       Total:                         424    0         0      
                                                              
       Stack:                         0      0         512    
       Linker Generated:              0      60        0      
    +--+------------------------------+------+---------+---------+
       Grand Total:                   1290   1200      1140   


LINKER GENERATED COPY TABLES

__TI_cinit_table @ 000009a8 records: 3, size/record: 8, table size: 24
	.bss: load addr=00000990, load size=00000008 bytes, run addr=2000026c, run size=00000004 bytes, compression=zero_init
	.data: load addr=00000998, load size=00000008 bytes, run addr=20000470, run size=00000004 bytes, compression=lzss
	.vtable: load addr=000009a0, load size=00000008 bytes, run addr=20000000, run size=0000026c bytes, compression=zero_init


LINKER GENERATED HANDLER TABLE

__TI_handler_table @ 00000980 records: 3, size/record: 4, table size: 12
	index: 0, handler: __TI_zero_init
	index: 1, handler: __TI_decompress_lzss
	index: 2, handler: __TI_decompress_none


GLOBAL SYMBOLS: SORTED ALPHABETICALLY BY Name 

address   name                          
-------   ----                          
00000775  C$$EXIT                       
0000076b  GPIOIntClear                  
00000737  GPIOIntDisable                
00000753  GPIOIntEnable                 
0000070d  GPIOIntRegister               
00000579  GPIOIntTypeSet                
0000033b  GPIO_Handler                  
000004a9  IntEnable                     
000006d9  IntRegister                   
0000042d  PLL_Init                      
000002b3  PortF_Init                    
0000075f  ResetISR                      
00000309  SysTick_Handler               
000005d1  SysTick_Init                  
20000470  TOGGLE_COUNT                  
20000470  __STACK_END                   
00000200  __STACK_SIZE                  
20000470  __STACK_TOP                   
000009a8  __TI_CINIT_Base               
000009c0  __TI_CINIT_Limit              
00000980  __TI_Handler_Table_Base       
0000098c  __TI_Handler_Table_Limit      
0000065d  __TI_auto_init_nobinit_nopinit
00000511  __TI_decompress_lzss          
00000745  __TI_decompress_none          
ffffffff  __TI_pprof_out_hndl           
ffffffff  __TI_prof_data_size           
ffffffff  __TI_prof_data_start          
00000000  __TI_static_base__            
00000725  __TI_zero_init_nomemset       
00000391  __aeabi_memcpy                
00000391  __aeabi_memcpy4               
00000391  __aeabi_memcpy8               
ffffffff  __binit__                     
ffffffff  __c_args__                    
UNDEFED   __mpu_init                    
20000270  __stack                       
000006a1  _c_int00_noargs               
UNDEFED   _system_post_cinit            
00000771  _system_pre_init              
00000775  abort                         
ffffffff  binit                         
2000026c  count                         
000002f7  disable_interrupts            
000002fd  enable_interrupts             
20000000  g_pfnRAMVectors               
00000000  g_pfnVectors                  
0000026d  main                          
00000391  memcpy                        
00000303  wait_for_interrupts           


GLOBAL SYMBOLS: SORTED BY Symbol Address 

address   name                          
-------   ----                          
00000000  __TI_static_base__            
00000000  g_pfnVectors                  
00000200  __STACK_SIZE                  
0000026d  main                          
000002b3  PortF_Init                    
000002f7  disable_interrupts            
000002fd  enable_interrupts             
00000303  wait_for_interrupts           
00000309  SysTick_Handler               
0000033b  GPIO_Handler                  
00000391  __aeabi_memcpy                
00000391  __aeabi_memcpy4               
00000391  __aeabi_memcpy8               
00000391  memcpy                        
0000042d  PLL_Init                      
000004a9  IntEnable                     
00000511  __TI_decompress_lzss          
00000579  GPIOIntTypeSet                
000005d1  SysTick_Init                  
0000065d  __TI_auto_init_nobinit_nopinit
000006a1  _c_int00_noargs               
000006d9  IntRegister                   
0000070d  GPIOIntRegister               
00000725  __TI_zero_init_nomemset       
00000737  GPIOIntDisable                
00000745  __TI_decompress_none          
00000753  GPIOIntEnable                 
0000075f  ResetISR                      
0000076b  GPIOIntClear                  
00000771  _system_pre_init              
00000775  C$$EXIT                       
00000775  abort                         
00000980  __TI_Handler_Table_Base       
0000098c  __TI_Handler_Table_Limit      
000009a8  __TI_CINIT_Base               
000009c0  __TI_CINIT_Limit              
20000000  g_pfnRAMVectors               
2000026c  count                         
20000270  __stack                       
20000470  TOGGLE_COUNT                  
20000470  __STACK_END                   
20000470  __STACK_TOP                   
ffffffff  __TI_pprof_out_hndl           
ffffffff  __TI_prof_data_size           
ffffffff  __TI_prof_data_start          
ffffffff  __binit__                     
ffffffff  __c_args__                    
ffffffff  binit                         
UNDEFED   __mpu_init                    
UNDEFED   _system_post_cinit            

[50 symbols]
