******************************************************************************
                  TI ARM Linker PC v18.1.4                     
******************************************************************************
>> Linked Fri Feb  8 22:49:43 2019

OUTPUT FILE NAME:   <MSE450.out>
ENTRY POINT SYMBOL: "_c_int00_noargs"  address: 00000725


MEMORY CONFIGURATION

         name            origin    length      used     unused   attr    fill
----------------------  --------  ---------  --------  --------  ----  --------
  FLASH                 00000000   00040000  00000a52  0003f5ae  R  X
  SRAM                  20000000   00008000  0000047c  00007b84  RW X


SEGMENT ALLOCATION MAP

run origin  load origin   length   init length attrs members
----------  ----------- ---------- ----------- ----- -------
00000000    00000000    00000a58   00000a58    r-x
  00000000    00000000    0000026c   0000026c    r-- .intvecs
  0000026c    0000026c    0000059e   0000059e    r-x .text
  0000080c    0000080c    00000208   00000208    r-- .const
  00000a18    00000a18    00000040   00000040    r-- .cinit
20000000    20000000    00000480   00000000    rw-
  20000000    20000000    0000026c   00000000    rw- .vtable
  20000270    20000270    00000200   00000000    rw- .stack
  20000470    20000470    00000008   00000000    rw- .bss
  20000478    20000478    00000008   00000000    rw- .data


SECTION ALLOCATION MAP

 output                                  attributes/
section   page    origin      length       input sections
--------  ----  ----------  ----------   ----------------
.intvecs   0    00000000    0000026c     
                  00000000    0000026c     tm4c123gh6pm_startup_ccs.obj (.intvecs)

.text      0    0000026c    0000059e     
                  0000026c    000001a8     main.obj (.text)
                  00000414    0000009c     rtsv7M4_T_le_v4SPD16_eabi.lib : memcpy_t2.asm.obj (.text)
                  000004b0    0000007c     PLL.obj (.text)
                  0000052c    00000068     driverlib.lib : interrupt.obj (.text:IntEnable)
                  00000594    00000068     rtsv7M4_T_le_v4SPD16_eabi.lib : copy_decompress_lzss.c.obj (.text:decompress:lzss:__TI_decompress_lzss)
                  000005fc    00000056     driverlib.lib : gpio.obj (.text:GPIOIntTypeSet)
                  00000652    00000002     --HOLE-- [fill = 0]
                  00000654    00000048     SysTickInts.obj (.text)
                  0000069c    00000044     driverlib.lib : gpio.obj (.text:_GPIOIntNumberGet)
                  000006e0    00000044     rtsv7M4_T_le_v4SPD16_eabi.lib : autoinit.c.obj (.text:__TI_auto_init_nobinit_nopinit:__TI_auto_init_nobinit_nopinit)
                  00000724    00000038                                   : boot_cortex_m.c.obj (.text:_c_int00_noargs:_c_int00_noargs)
                  0000075c    00000034     driverlib.lib : interrupt.obj (.text:IntRegister)
                  00000790    00000018                   : gpio.obj (.text:GPIOIntRegister)
                  000007a8    00000012     rtsv7M4_T_le_v4SPD16_eabi.lib : copy_zero_init.c.obj (.text:decompress:ZI:__TI_zero_init_nomemset:__TI_zero_init_nomemset)
                  000007ba    0000000e     driverlib.lib : gpio.obj (.text:GPIOIntDisable)
                  000007c8    0000000e                   : gpio.obj (.text:GPIOIntStatus)
                  000007d6    0000000e     rtsv7M4_T_le_v4SPD16_eabi.lib : copy_decompress_none.c.obj (.text:decompress:none:__TI_decompress_none)
                  000007e4    0000000c     driverlib.lib : gpio.obj (.text:GPIOIntEnable)
                  000007f0    0000000c     tm4c123gh6pm_startup_ccs.obj (.text)
                  000007fc    00000006     driverlib.lib : gpio.obj (.text:GPIOIntClear)
                  00000802    00000004     rtsv7M4_T_le_v4SPD16_eabi.lib : pre_init.c.obj (.text:_system_pre_init)
                  00000806    00000004                                   : exit.c.obj (.text:abort:abort)

.const     0    0000080c    00000208     
                  0000080c    000000d8     driverlib.lib : gpio.obj (.const:g_ppui32GPIOIntMapSnowflake)
                  000008e4    000000c0                   : gpio.obj (.const:g_ppui32GPIOIntMapBlizzard)
                  000009a4    00000070                   : interrupt.obj (.const)

.cinit     0    00000a18    00000040     
                  00000a18    0000000c     (__TI_handler_table)
                  00000a24    0000000b     (.cinit..data.load) [load image, compression = lzss]
                  00000a2f    00000001     --HOLE-- [fill = 0]
                  00000a30    00000008     (.cinit..bss.load) [load image, compression = zero_init]
                  00000a38    00000008     (.cinit..vtable.load) [load image, compression = zero_init]
                  00000a40    00000018     (__TI_cinit_table)

.init_array 
*          0    00000000    00000000     UNINITIALIZED

.vtable    0    20000000    0000026c     UNINITIALIZED
                  20000000    0000026c     driverlib.lib : interrupt.obj (.vtable)

.bss       0    20000470    00000008     UNINITIALIZED
                  20000470    00000004     (.common:In)
                  20000474    00000004     (.common:Out)

.data      0    20000478    00000008     UNINITIALIZED
                  20000478    00000008     main.obj (.data)

.stack     0    20000270    00000200     UNINITIALIZED
                  20000270    00000004     rtsv7M4_T_le_v4SPD16_eabi.lib : boot_cortex_m.c.obj (.stack)
                  20000274    000001fc     --HOLE--

MODULE SUMMARY

       Module                         code   ro data   rw data
       ------                         ----   -------   -------
    .\
       tm4c123gh6pm_startup_ccs.obj   12     620       0      
       main.obj                       424    0         16     
       PLL.obj                        124    0         0      
       SysTickInts.obj                72     0         0      
    +--+------------------------------+------+---------+---------+
       Total:                         632    620       16     
                                                              
    C:/ti/TivaWare_C_Series-2.1.4.178/driverlib/ccs/Debug/driverlib.lib
       interrupt.obj                  156    112       620    
       gpio.obj                       224    408       0      
    +--+------------------------------+------+---------+---------+
       Total:                         380    520       620    
                                                              
    C:\ti\ccsv8\tools\compiler\ti-cgt-arm_18.1.4.LTS\lib\rtsv7M4_T_le_v4SPD16_eabi.lib
       memcpy_t2.asm.obj              156    0         0      
       copy_decompress_lzss.c.obj     104    0         0      
       autoinit.c.obj                 68     0         0      
       boot_cortex_m.c.obj            56     0         0      
       copy_zero_init.c.obj           18     0         0      
       copy_decompress_none.c.obj     14     0         0      
       exit.c.obj                     4      0         0      
       pre_init.c.obj                 4      0         0      
    +--+------------------------------+------+---------+---------+
       Total:                         424    0         0      
                                                              
       Stack:                         0      0         512    
       Linker Generated:              0      63        0      
    +--+------------------------------+------+---------+---------+
       Grand Total:                   1436   1203      1148   


LINKER GENERATED COPY TABLES

__TI_cinit_table @ 00000a40 records: 3, size/record: 8, table size: 24
	.data: load addr=00000a24, load size=0000000b bytes, run addr=20000478, run size=00000008 bytes, compression=lzss
	.bss: load addr=00000a30, load size=00000008 bytes, run addr=20000470, run size=00000008 bytes, compression=zero_init
	.vtable: load addr=00000a38, load size=00000008 bytes, run addr=20000000, run size=0000026c bytes, compression=zero_init


LINKER GENERATED HANDLER TABLE

__TI_handler_table @ 00000a18 records: 3, size/record: 4, table size: 12
	index: 0, handler: __TI_zero_init
	index: 1, handler: __TI_decompress_lzss
	index: 2, handler: __TI_decompress_none


GLOBAL SYMBOLS: SORTED ALPHABETICALLY BY Name 

address   name                          
-------   ----                          
00000807  C$$EXIT                       
000007fd  GPIOIntClear                  
000007bb  GPIOIntDisable                
000007e5  GPIOIntEnable                 
00000791  GPIOIntRegister               
000007c9  GPIOIntStatus                 
000005fd  GPIOIntTypeSet                
20000470  In                            
0000052d  IntEnable                     
0000075d  IntRegister                   
20000474  Out                           
000004b1  PLL_Init                      
00000335  PortF_Init                    
000007f1  ResetISR                      
0000038b  SysTick_Handler               
00000655  SysTick_Init                  
2000047c  TOGGLE_COUNT                  
20000470  __STACK_END                   
00000200  __STACK_SIZE                  
20000470  __STACK_TOP                   
00000a40  __TI_CINIT_Base               
00000a58  __TI_CINIT_Limit              
00000a18  __TI_Handler_Table_Base       
00000a24  __TI_Handler_Table_Limit      
000006e1  __TI_auto_init_nobinit_nopinit
00000595  __TI_decompress_lzss          
000007d7  __TI_decompress_none          
ffffffff  __TI_pprof_out_hndl           
ffffffff  __TI_prof_data_size           
ffffffff  __TI_prof_data_start          
00000000  __TI_static_base__            
000007a9  __TI_zero_init_nomemset       
00000415  __aeabi_memcpy                
00000415  __aeabi_memcpy4               
00000415  __aeabi_memcpy8               
ffffffff  __binit__                     
ffffffff  __c_args__                    
UNDEFED   __mpu_init                    
20000270  __stack                       
00000725  _c_int00_noargs               
UNDEFED   _system_post_cinit            
00000803  _system_pre_init              
00000807  abort                         
ffffffff  binit                         
20000478  count                         
00000379  disable_interrupts            
0000037f  enable_interrupts             
20000000  g_pfnRAMVectors               
00000000  g_pfnVectors                  
000002ed  main                          
00000415  memcpy                        
0000026d  onButtonDown                  
000002c3  onButtonUp                    
00000385  wait_for_interrupts           


GLOBAL SYMBOLS: SORTED BY Symbol Address 

address   name                          
-------   ----                          
00000000  __TI_static_base__            
00000000  g_pfnVectors                  
00000200  __STACK_SIZE                  
0000026d  onButtonDown                  
000002c3  onButtonUp                    
000002ed  main                          
00000335  PortF_Init                    
00000379  disable_interrupts            
0000037f  enable_interrupts             
00000385  wait_for_interrupts           
0000038b  SysTick_Handler               
00000415  __aeabi_memcpy                
00000415  __aeabi_memcpy4               
00000415  __aeabi_memcpy8               
00000415  memcpy                        
000004b1  PLL_Init                      
0000052d  IntEnable                     
00000595  __TI_decompress_lzss          
000005fd  GPIOIntTypeSet                
00000655  SysTick_Init                  
000006e1  __TI_auto_init_nobinit_nopinit
00000725  _c_int00_noargs               
0000075d  IntRegister                   
00000791  GPIOIntRegister               
000007a9  __TI_zero_init_nomemset       
000007bb  GPIOIntDisable                
000007c9  GPIOIntStatus                 
000007d7  __TI_decompress_none          
000007e5  GPIOIntEnable                 
000007f1  ResetISR                      
000007fd  GPIOIntClear                  
00000803  _system_pre_init              
00000807  C$$EXIT                       
00000807  abort                         
00000a18  __TI_Handler_Table_Base       
00000a24  __TI_Handler_Table_Limit      
00000a40  __TI_CINIT_Base               
00000a58  __TI_CINIT_Limit              
20000000  g_pfnRAMVectors               
20000270  __stack                       
20000470  In                            
20000470  __STACK_END                   
20000470  __STACK_TOP                   
20000474  Out                           
20000478  count                         
2000047c  TOGGLE_COUNT                  
ffffffff  __TI_pprof_out_hndl           
ffffffff  __TI_prof_data_size           
ffffffff  __TI_prof_data_start          
ffffffff  __binit__                     
ffffffff  __c_args__                    
ffffffff  binit                         
UNDEFED   __mpu_init                    
UNDEFED   _system_post_cinit            

[54 symbols]
