******************************************************************************
                  TI ARM Linker PC v18.1.4                     
******************************************************************************
>> Linked Sun Feb 24 15:47:15 2019

OUTPUT FILE NAME:   <MSE450.out>
ENTRY POINT SYMBOL: "_c_int00_noargs"  address: 00000635


MEMORY CONFIGURATION

         name            origin    length      used     unused   attr    fill
----------------------  --------  ---------  --------  --------  ----  --------
  FLASH                 00000000   00040000  000006a6  0003f95a  R  X
  SRAM                  20000000   00008000  00000204  00007dfc  RW X


SEGMENT ALLOCATION MAP

run origin  load origin   length   init length attrs members
----------  ----------- ---------- ----------- ----- -------
00000000    00000000    000006a8   000006a8    r-x
  00000000    00000000    00000268   00000268    r-- .intvecs
  00000268    00000268    00000426   00000426    r-x .text
  00000690    00000690    00000018   00000018    r-- .cinit
20000000    20000000    00000204   00000000    rw-
  20000000    20000000    00000200   00000000    rw- .stack
  20000200    20000200    00000004   00000000    rw- .data


SECTION ALLOCATION MAP

 output                                  attributes/
section   page    origin      length       input sections
--------  ----  ----------  ----------   ----------------
.intvecs   0    00000000    00000268     
                  00000000    00000268     tm4c123gh6pm_startup_ccs.obj (.intvecs)

.text      0    00000268    00000426     
                  00000268    00000208     main.obj (.text)
                  00000470    0000009c     rtsv7M4_T_le_v4SPD16_eabi.lib : memcpy_t2.asm.obj (.text)
                  0000050c    0000007c     PLL.obj (.text)
                  00000588    00000068     rtsv7M4_T_le_v4SPD16_eabi.lib : copy_decompress_lzss.c.obj (.text:decompress:lzss:__TI_decompress_lzss)
                  000005f0    00000044                                   : autoinit.c.obj (.text:__TI_auto_init_nobinit_nopinit:__TI_auto_init_nobinit_nopinit)
                  00000634    00000038                                   : boot_cortex_m.c.obj (.text:_c_int00_noargs:_c_int00_noargs)
                  0000066c    0000000e                                   : copy_decompress_none.c.obj (.text:decompress:none:__TI_decompress_none)
                  0000067a    0000000c     tm4c123gh6pm_startup_ccs.obj (.text)
                  00000686    00000004     rtsv7M4_T_le_v4SPD16_eabi.lib : pre_init.c.obj (.text:_system_pre_init)
                  0000068a    00000004                                   : exit.c.obj (.text:abort:abort)

.cinit     0    00000690    00000018     
                  00000690    00000008     (.cinit..data.load) [load image, compression = lzss]
                  00000698    00000008     (__TI_handler_table)
                  000006a0    00000008     (__TI_cinit_table)

.init_array 
*          0    00000000    00000000     UNINITIALIZED

.data      0    20000200    00000004     UNINITIALIZED
                  20000200    00000004     main.obj (.data)

.stack     0    20000000    00000200     UNINITIALIZED
                  20000000    00000004     rtsv7M4_T_le_v4SPD16_eabi.lib : boot_cortex_m.c.obj (.stack)
                  20000004    000001fc     --HOLE--

MODULE SUMMARY

       Module                         code   ro data   rw data
       ------                         ----   -------   -------
    .\
       tm4c123gh6pm_startup_ccs.obj   12     616       0      
       main.obj                       520    0         4      
       PLL.obj                        124    0         0      
    +--+------------------------------+------+---------+---------+
       Total:                         656    616       4      
                                                              
    C:\ti\ccsv8\tools\compiler\ti-cgt-arm_18.1.4.LTS\lib\rtsv7M4_T_le_v4SPD16_eabi.lib
       memcpy_t2.asm.obj              156    0         0      
       copy_decompress_lzss.c.obj     104    0         0      
       autoinit.c.obj                 68     0         0      
       boot_cortex_m.c.obj            56     0         0      
       copy_decompress_none.c.obj     14     0         0      
       exit.c.obj                     4      0         0      
       pre_init.c.obj                 4      0         0      
    +--+------------------------------+------+---------+---------+
       Total:                         406    0         0      
                                                              
       Stack:                         0      0         512    
       Linker Generated:              0      24        0      
    +--+------------------------------+------+---------+---------+
       Grand Total:                   1062   640       516    


LINKER GENERATED COPY TABLES

__TI_cinit_table @ 000006a0 records: 1, size/record: 8, table size: 8
	.data: load addr=00000690, load size=00000008 bytes, run addr=20000200, run size=00000004 bytes, compression=lzss


LINKER GENERATED HANDLER TABLE

__TI_handler_table @ 00000698 records: 2, size/record: 4, table size: 8
	index: 0, handler: __TI_decompress_lzss
	index: 1, handler: __TI_decompress_none


GLOBAL SYMBOLS: SORTED ALPHABETICALLY BY Name 

address   name                          
-------   ----                          
0000068b  C$$EXIT                       
20000200  ComparatorValue               
000003bd  PF4_Handler                   
0000027d  PF4_Init                      
0000050d  PLL_Init                      
000002fd  PWM_Init                      
0000067b  ResetISR                      
20000200  __STACK_END                   
00000200  __STACK_SIZE                  
20000200  __STACK_TOP                   
000006a0  __TI_CINIT_Base               
000006a8  __TI_CINIT_Limit              
00000698  __TI_Handler_Table_Base       
000006a0  __TI_Handler_Table_Limit      
000005f1  __TI_auto_init_nobinit_nopinit
00000589  __TI_decompress_lzss          
0000066d  __TI_decompress_none          
ffffffff  __TI_pprof_out_hndl           
ffffffff  __TI_prof_data_size           
ffffffff  __TI_prof_data_start          
00000000  __TI_static_base__            
00000471  __aeabi_memcpy                
00000471  __aeabi_memcpy4               
00000471  __aeabi_memcpy8               
ffffffff  __binit__                     
ffffffff  __c_args__                    
UNDEFED   __mpu_init                    
20000000  __stack                       
00000635  _c_int00_noargs               
UNDEFED   _system_post_cinit            
00000687  _system_pre_init              
0000068b  abort                         
ffffffff  binit                         
000003ab  disable_interrupts            
000003b1  enable_interrupts             
00000000  g_pfnVectors                  
00000269  main                          
00000471  memcpy                        
000003b7  wait_for_interrupts           


GLOBAL SYMBOLS: SORTED BY Symbol Address 

address   name                          
-------   ----                          
00000000  __TI_static_base__            
00000000  g_pfnVectors                  
00000200  __STACK_SIZE                  
00000269  main                          
0000027d  PF4_Init                      
000002fd  PWM_Init                      
000003ab  disable_interrupts            
000003b1  enable_interrupts             
000003b7  wait_for_interrupts           
000003bd  PF4_Handler                   
00000471  __aeabi_memcpy                
00000471  __aeabi_memcpy4               
00000471  __aeabi_memcpy8               
00000471  memcpy                        
0000050d  PLL_Init                      
00000589  __TI_decompress_lzss          
000005f1  __TI_auto_init_nobinit_nopinit
00000635  _c_int00_noargs               
0000066d  __TI_decompress_none          
0000067b  ResetISR                      
00000687  _system_pre_init              
0000068b  C$$EXIT                       
0000068b  abort                         
00000698  __TI_Handler_Table_Base       
000006a0  __TI_CINIT_Base               
000006a0  __TI_Handler_Table_Limit      
000006a8  __TI_CINIT_Limit              
20000000  __stack                       
20000200  ComparatorValue               
20000200  __STACK_END                   
20000200  __STACK_TOP                   
ffffffff  __TI_pprof_out_hndl           
ffffffff  __TI_prof_data_size           
ffffffff  __TI_prof_data_start          
ffffffff  __binit__                     
ffffffff  __c_args__                    
ffffffff  binit                         
UNDEFED   __mpu_init                    
UNDEFED   _system_post_cinit            

[39 symbols]
