******************************************************************************
                  TI ARM Linker PC v18.1.4                     
******************************************************************************
>> Linked Wed Feb 13 22:17:01 2019

OUTPUT FILE NAME:   <MSE450.out>
ENTRY POINT SYMBOL: "_c_int00_noargs"  address: 00000555


MEMORY CONFIGURATION

         name            origin    length      used     unused   attr    fill
----------------------  --------  ---------  --------  --------  ----  --------
  FLASH                 00000000   00040000  000005f0  0003fa10  R  X
  SRAM                  20000000   00008000  00000208  00007df8  RW X


SEGMENT ALLOCATION MAP

run origin  load origin   length   init length attrs members
----------  ----------- ---------- ----------- ----- -------
00000000    00000000    000005f0   000005f0    r-x
  00000000    00000000    0000026c   0000026c    r-- .intvecs
  0000026c    0000026c    00000354   00000354    r-x .text
  000005c0    000005c0    00000030   00000030    r-- .cinit
20000000    20000000    00000208   00000000    rw-
  20000000    20000000    00000200   00000000    rw- .stack
  20000200    20000200    00000004   00000000    rw- .bss
  20000204    20000204    00000004   00000000    rw- .data


SECTION ALLOCATION MAP

 output                                  attributes/
section   page    origin      length       input sections
--------  ----  ----------  ----------   ----------------
.intvecs   0    00000000    0000026c     
                  00000000    0000026c     tm4c123gh6pm_startup_ccs.obj (.intvecs)

.text      0    0000026c    00000354     
                  0000026c    000000dc     main.obj (.text)
                  00000348    0000009c     rtsv7M4_T_le_v4SPD16_eabi.lib : memcpy_t2.asm.obj (.text)
                  000003e4    0000007c     PLL.obj (.text)
                  00000460    00000068     rtsv7M4_T_le_v4SPD16_eabi.lib : copy_decompress_lzss.c.obj (.text:decompress:lzss:__TI_decompress_lzss)
                  000004c8    00000048     SysTickInts.obj (.text)
                  00000510    00000044     rtsv7M4_T_le_v4SPD16_eabi.lib : autoinit.c.obj (.text:__TI_auto_init_nobinit_nopinit:__TI_auto_init_nobinit_nopinit)
                  00000554    00000038                                   : boot_cortex_m.c.obj (.text:_c_int00_noargs:_c_int00_noargs)
                  0000058c    00000012                                   : copy_zero_init.c.obj (.text:decompress:ZI:__TI_zero_init_nomemset:__TI_zero_init_nomemset)
                  0000059e    0000000e                                   : copy_decompress_none.c.obj (.text:decompress:none:__TI_decompress_none)
                  000005ac    0000000c     tm4c123gh6pm_startup_ccs.obj (.text)
                  000005b8    00000004     rtsv7M4_T_le_v4SPD16_eabi.lib : pre_init.c.obj (.text:_system_pre_init)
                  000005bc    00000004                                   : exit.c.obj (.text:abort:abort)

.cinit     0    000005c0    00000030     
                  000005c0    0000000c     (__TI_handler_table)
                  000005cc    00000004     --HOLE-- [fill = 0]
                  000005d0    00000008     (.cinit..bss.load) [load image, compression = zero_init]
                  000005d8    00000008     (.cinit..data.load) [load image, compression = lzss]
                  000005e0    00000010     (__TI_cinit_table)

.init_array 
*          0    00000000    00000000     UNINITIALIZED

.bss       0    20000200    00000004     UNINITIALIZED
                  20000200    00000004     (.common:count)

.data      0    20000204    00000004     UNINITIALIZED
                  20000204    00000004     main.obj (.data)

.stack     0    20000000    00000200     UNINITIALIZED
                  20000000    00000004     rtsv7M4_T_le_v4SPD16_eabi.lib : boot_cortex_m.c.obj (.stack)
                  20000004    000001fc     --HOLE--

MODULE SUMMARY

       Module                         code   ro data   rw data
       ------                         ----   -------   -------
    .\
       tm4c123gh6pm_startup_ccs.obj   12     620       0      
       main.obj                       220    0         8      
       PLL.obj                        124    0         0      
       SysTickInts.obj                72     0         0      
    +--+------------------------------+------+---------+---------+
       Total:                         428    620       8      
                                                              
    C:\ti\ccsv8\tools\compiler\ti-cgt-arm_18.1.4.LTS\lib\rtsv7M4_T_le_v4SPD16_eabi.lib
       memcpy_t2.asm.obj              156    0         0      
       copy_decompress_lzss.c.obj     104    0         0      
       autoinit.c.obj                 68     0         0      
       boot_cortex_m.c.obj            56     0         0      
       copy_zero_init.c.obj           18     0         0      
       copy_decompress_none.c.obj     14     0         0      
       exit.c.obj                     4      0         0      
       pre_init.c.obj                 4      0         0      
    +--+------------------------------+------+---------+---------+
       Total:                         424    0         0      
                                                              
       Stack:                         0      0         512    
       Linker Generated:              0      44        0      
    +--+------------------------------+------+---------+---------+
       Grand Total:                   852    664       520    


LINKER GENERATED COPY TABLES

__TI_cinit_table @ 000005e0 records: 2, size/record: 8, table size: 16
	.bss: load addr=000005d0, load size=00000008 bytes, run addr=20000200, run size=00000004 bytes, compression=zero_init
	.data: load addr=000005d8, load size=00000008 bytes, run addr=20000204, run size=00000004 bytes, compression=lzss


LINKER GENERATED HANDLER TABLE

__TI_handler_table @ 000005c0 records: 3, size/record: 4, table size: 12
	index: 0, handler: __TI_decompress_lzss
	index: 1, handler: __TI_decompress_none
	index: 2, handler: __TI_zero_init


GLOBAL SYMBOLS: SORTED ALPHABETICALLY BY Name 

address   name                          
-------   ----                          
000005bd  C$$EXIT                       
000003e5  PLL_Init                      
0000028d  PortF_Init                    
000005ad  ResetISR                      
000002e3  SysTick_Handler               
000004c9  SysTick_Init                  
20000204  TOGGLE_COUNT                  
20000200  __STACK_END                   
00000200  __STACK_SIZE                  
20000200  __STACK_TOP                   
000005e0  __TI_CINIT_Base               
000005f0  __TI_CINIT_Limit              
000005c0  __TI_Handler_Table_Base       
000005cc  __TI_Handler_Table_Limit      
00000511  __TI_auto_init_nobinit_nopinit
00000461  __TI_decompress_lzss          
0000059f  __TI_decompress_none          
ffffffff  __TI_pprof_out_hndl           
ffffffff  __TI_prof_data_size           
ffffffff  __TI_prof_data_start          
00000000  __TI_static_base__            
0000058d  __TI_zero_init_nomemset       
00000349  __aeabi_memcpy                
00000349  __aeabi_memcpy4               
00000349  __aeabi_memcpy8               
ffffffff  __binit__                     
ffffffff  __c_args__                    
UNDEFED   __mpu_init                    
20000000  __stack                       
00000555  _c_int00_noargs               
UNDEFED   _system_post_cinit            
000005b9  _system_pre_init              
000005bd  abort                         
ffffffff  binit                         
20000200  count                         
000002d1  disable_interrupts            
000002d7  enable_interrupts             
00000000  g_pfnVectors                  
0000026d  main                          
00000349  memcpy                        
000002dd  wait_for_interrupts           


GLOBAL SYMBOLS: SORTED BY Symbol Address 

address   name                          
-------   ----                          
00000000  __TI_static_base__            
00000000  g_pfnVectors                  
00000200  __STACK_SIZE                  
0000026d  main                          
0000028d  PortF_Init                    
000002d1  disable_interrupts            
000002d7  enable_interrupts             
000002dd  wait_for_interrupts           
000002e3  SysTick_Handler               
00000349  __aeabi_memcpy                
00000349  __aeabi_memcpy4               
00000349  __aeabi_memcpy8               
00000349  memcpy                        
000003e5  PLL_Init                      
00000461  __TI_decompress_lzss          
000004c9  SysTick_Init                  
00000511  __TI_auto_init_nobinit_nopinit
00000555  _c_int00_noargs               
0000058d  __TI_zero_init_nomemset       
0000059f  __TI_decompress_none          
000005ad  ResetISR                      
000005b9  _system_pre_init              
000005bd  C$$EXIT                       
000005bd  abort                         
000005c0  __TI_Handler_Table_Base       
000005cc  __TI_Handler_Table_Limit      
000005e0  __TI_CINIT_Base               
000005f0  __TI_CINIT_Limit              
20000000  __stack                       
20000200  __STACK_END                   
20000200  __STACK_TOP                   
20000200  count                         
20000204  TOGGLE_COUNT                  
ffffffff  __TI_pprof_out_hndl           
ffffffff  __TI_prof_data_size           
ffffffff  __TI_prof_data_start          
ffffffff  __binit__                     
ffffffff  __c_args__                    
ffffffff  binit                         
UNDEFED   __mpu_init                    
UNDEFED   _system_post_cinit            

[41 symbols]
