******************************************************************************
                  TI ARM Linker PC v18.1.4                     
******************************************************************************
>> Linked Tue Jan 22 22:41:26 2019

OUTPUT FILE NAME:   <MSE450.out>
ENTRY POINT SYMBOL: "_c_int00_noargs"  address: 00000369


MEMORY CONFIGURATION

         name            origin    length      used     unused   attr    fill
----------------------  --------  ---------  --------  --------  ----  --------
  FLASH                 00000000   00040000  000003da  0003fc26  R  X
  SRAM                  20000000   00008000  00000208  00007df8  RW X


SEGMENT ALLOCATION MAP

run origin  load origin   length   init length attrs members
----------  ----------- ---------- ----------- ----- -------
00000000    00000000    000003dc   000003dc    r-x
  00000000    00000000    0000026c   0000026c    r-- .intvecs
  0000026c    0000026c    0000015a   0000015a    r-x .text
  000003c8    000003c8    00000014   00000014    r-- .cinit
20000000    20000000    00000208   00000000    rw-
  20000000    20000000    00000200   00000000    rw- .stack
  20000200    20000200    00000008   00000000    rw- .bss


SECTION ALLOCATION MAP

 output                                  attributes/
section   page    origin      length       input sections
--------  ----  ----------  ----------   ----------------
.intvecs   0    00000000    0000026c     
                  00000000    0000026c     tm4c123gh6pm_startup_ccs.obj (.intvecs)

.text      0    0000026c    0000015a     
                  0000026c    000000b8     main.obj (.text)
                  00000324    00000044     rtsv7M4_T_le_v4SPD16_eabi.lib : autoinit.c.obj (.text:__TI_auto_init_nobinit_nopinit:__TI_auto_init_nobinit_nopinit)
                  00000368    00000038                                   : boot_cortex_m.c.obj (.text:_c_int00_noargs:_c_int00_noargs)
                  000003a0    00000012                                   : copy_zero_init.c.obj (.text:decompress:ZI:__TI_zero_init_nomemset:__TI_zero_init_nomemset)
                  000003b2    0000000c     tm4c123gh6pm_startup_ccs.obj (.text)
                  000003be    00000004     rtsv7M4_T_le_v4SPD16_eabi.lib : pre_init.c.obj (.text:_system_pre_init)
                  000003c2    00000004                                   : exit.c.obj (.text:abort:abort)

.cinit     0    000003c8    00000014     
                  000003c8    00000008     (.cinit..bss.load) [load image, compression = zero_init]
                  000003d0    00000004     (__TI_handler_table)
                  000003d4    00000008     (__TI_cinit_table)

.init_array 
*          0    00000000    00000000     UNINITIALIZED

.bss       0    20000200    00000008     UNINITIALIZED
                  20000200    00000004     (.common:Out)
                  20000204    00000004     (.common:SW1)

.stack     0    20000000    00000200     UNINITIALIZED
                  20000000    00000004     rtsv7M4_T_le_v4SPD16_eabi.lib : boot_cortex_m.c.obj (.stack)
                  20000004    000001fc     --HOLE--

MODULE SUMMARY

       Module                         code   ro data   rw data
       ------                         ----   -------   -------
    .\
       tm4c123gh6pm_startup_ccs.obj   12     620       0      
       main.obj                       184    0         8      
    +--+------------------------------+------+---------+---------+
       Total:                         196    620       8      
                                                              
    C:\ti\ccsv8\tools\compiler\ti-cgt-arm_18.1.4.LTS\lib\rtsv7M4_T_le_v4SPD16_eabi.lib
       autoinit.c.obj                 68     0         0      
       boot_cortex_m.c.obj            56     0         0      
       copy_zero_init.c.obj           18     0         0      
       exit.c.obj                     4      0         0      
       pre_init.c.obj                 4      0         0      
    +--+------------------------------+------+---------+---------+
       Total:                         150    0         0      
                                                              
       Stack:                         0      0         512    
       Linker Generated:              0      20        0      
    +--+------------------------------+------+---------+---------+
       Grand Total:                   346    640       520    


LINKER GENERATED COPY TABLES

__TI_cinit_table @ 000003d4 records: 1, size/record: 8, table size: 8
	.bss: load addr=000003c8, load size=00000008 bytes, run addr=20000200, run size=00000008 bytes, compression=zero_init


LINKER GENERATED HANDLER TABLE

__TI_handler_table @ 000003d0 records: 1, size/record: 4, table size: 4
	index: 0, handler: __TI_zero_init


GLOBAL SYMBOLS: SORTED ALPHABETICALLY BY Name 

address   name                          
-------   ----                          
000003c3  C$$EXIT                       
20000200  Out                           
0000026d  PortF_Init                    
000003b3  ResetISR                      
20000204  SW1                           
20000200  __STACK_END                   
00000200  __STACK_SIZE                  
20000200  __STACK_TOP                   
000003d4  __TI_CINIT_Base               
000003dc  __TI_CINIT_Limit              
000003d0  __TI_Handler_Table_Base       
000003d4  __TI_Handler_Table_Limit      
00000325  __TI_auto_init_nobinit_nopinit
ffffffff  __TI_pprof_out_hndl           
ffffffff  __TI_prof_data_size           
ffffffff  __TI_prof_data_start          
00000000  __TI_static_base__            
000003a1  __TI_zero_init_nomemset       
ffffffff  __binit__                     
ffffffff  __c_args__                    
UNDEFED   __mpu_init                    
20000000  __stack                       
00000369  _c_int00_noargs               
UNDEFED   _system_post_cinit            
000003bf  _system_pre_init              
000003c3  abort                         
ffffffff  binit                         
00000000  g_pfnVectors                  
000002b1  main                          


GLOBAL SYMBOLS: SORTED BY Symbol Address 

address   name                          
-------   ----                          
00000000  __TI_static_base__            
00000000  g_pfnVectors                  
00000200  __STACK_SIZE                  
0000026d  PortF_Init                    
000002b1  main                          
00000325  __TI_auto_init_nobinit_nopinit
00000369  _c_int00_noargs               
000003a1  __TI_zero_init_nomemset       
000003b3  ResetISR                      
000003bf  _system_pre_init              
000003c3  C$$EXIT                       
000003c3  abort                         
000003d0  __TI_Handler_Table_Base       
000003d4  __TI_CINIT_Base               
000003d4  __TI_Handler_Table_Limit      
000003dc  __TI_CINIT_Limit              
20000000  __stack                       
20000200  Out                           
20000200  __STACK_END                   
20000200  __STACK_TOP                   
20000204  SW1                           
ffffffff  __TI_pprof_out_hndl           
ffffffff  __TI_prof_data_size           
ffffffff  __TI_prof_data_start          
ffffffff  __binit__                     
ffffffff  __c_args__                    
ffffffff  binit                         
UNDEFED   __mpu_init                    
UNDEFED   _system_post_cinit            

[29 symbols]
